DEBUG:root:Add: 20 + 10 = 30
DEBUG:root:Sub: 20 - 10 = 10
DEBUG:root:Mul: 20 * 10 = 200
DEBUG:root:Div: 20 / 10 = 2.0
2020-07-06 22:31:59,715:DEBUG:Add: 20 + 10 = 30
2020-07-06 22:31:59,715:DEBUG:Sub: 20 - 10 = 10
2020-07-06 22:31:59,715:DEBUG:Mul: 20 * 10 = 200
2020-07-06 22:31:59,715:DEBUG:Div: 20 / 10 = 2.0
